#-----------------------------------------------------------
# Vivado v2019.1 (64-bit)
# SW Build 2552052 on Fri May 24 14:49:42 MDT 2019
# IP Build 2548770 on Fri May 24 18:01:18 MDT 2019
# Start of session at: Wed Jan  8 11:27:16 2025
# Process ID: 29368
# Current directory: D:/All/Software/ZZ-Hardware_Old/Sample_Code_Alghasi/Sample_project_QSPI_Upper256
# Command line: vivado.exe -gui_launcher_event rodinguilauncherevent14840 D:\All\Software\ZZ-Hardware_Old\Sample_Code_Alghasi\Sample_project_QSPI_Upper256\Sample_project_QSPI_Upper256.xpr
# Log file: D:/All/Software/ZZ-Hardware_Old/Sample_Code_Alghasi/Sample_project_QSPI_Upper256/vivado.log
# Journal file: D:/All/Software/ZZ-Hardware_Old/Sample_Code_Alghasi/Sample_project_QSPI_Upper256\vivado.jou
#-----------------------------------------------------------
start_gui
open_project D:/All/Software/ZZ-Hardware_Old/Sample_Code_Alghasi/Sample_project_QSPI_Upper256/Sample_project_QSPI_Upper256.xpr
launch_sdk -workspace D:/All/Software/ZZ-Hardware_Old/Sample_Code_Alghasi/Sample_project_QSPI_Upper256/Sample_project_QSPI_Upper256.sdk -hwspec D:/All/Software/ZZ-Hardware_Old/Sample_Code_Alghasi/Sample_project_QSPI_Upper256/Sample_project_QSPI_Upper256.sdk/hw_wrapper.hdf
update_compile_order -fileset sources_1
